// Jest Snapshot v1, https://goo.gl/fbAQLP

exports[`[forms/form-label] FormLabel renders properly 1`] = `
.c0 {
  display: -webkit-box;
  display: -webkit-flex;
  display: -ms-flexbox;
  display: flex;
  -webkit-flex-direction: column;
  -ms-flex-direction: column;
  flex-direction: column;
  font-size: 0.8rem;
  font-weight: bold;
  text-align: right;
}

<label
  className="c0"
>
  Label
</label>
`;
