// Jest Snapshot v1, https://goo.gl/fbAQLP

exports[`[forms/form-input] FormInput renders properly 1`] = `
<div
  className="sc-bxivhb kKnJWp"
>
  <label
    className="sc-bwzfXH cJnpOh"
  >
    <span>
      Label
    </span>
    <input
      className="sc-bdVaJa dqOyiS"
      onChange={[Function]}
      type="text"
    />
  </label>
</div>
`;
