// Jest Snapshot v1, https://goo.gl/fbAQLP

exports[`[App] renders properly 1`] = `
Array [
  <div
    className="sc-bdVaJa kjZkLq"
  >
    <div
      className="sc-bwzfXH gouoTZ"
    />
  </div>,
  <div
    className="sc-iRbamj dOQpTu"
  >
    <a
      className="sc-jlyJG epKrOG"
      href="/"
      iscurrentpage="true"
      onClick={[Function]}
    >
      Dépenses
    </a>
    <a
      className="sc-jlyJG kfIYRT"
      href="/new"
      iscurrentpage="false"
      onClick={[Function]}
    >
      Nouvelle dépense
    </a>
    <a
      className="sc-jlyJG kfIYRT"
      href="/statistiques"
      iscurrentpage="false"
      onClick={[Function]}
    >
      Statistiques
    </a>
    <a
      className="sc-jlyJG kfIYRT"
      href="/admin"
      iscurrentpage="false"
      onClick={[Function]}
    >
      Admin
    </a>
  </div>,
]
`;
